I'm sorry, but errors were detected in your script. Please correct the
errors listed below, and try again.


File "game/script.rpy", line 33: indentation mismatch.

Ren'Py Version: Ren'Py 6.99.14.2.3333
Tue Apr 10 00:57:02 2018
